
> admin@0.1.0 dev
> next dev

⚠ Warning: Next.js inferred your workspace root, but it may not be correct.
 We detected multiple lockfiles and selected the directory of /Users/User/package-lock.json as the root directory.
 To silence this warning, set `turbopack.root` in your Next.js config, or consider removing one of the lockfiles if it's not needed.
   See https://nextjs.org/docs/app/api-reference/config/next-config-js/turbopack#root-directory for more information.
 Detected additional lockfiles: 
   * /Users/User/daw-store/admin/package-lock.json

▲ Next.js 16.1.1 (Turbopack)
- Local:         http://localhost:3001
- Network:       http://192.168.0.171:3001
- Environments: .env.local

✓ Starting...
✓ Ready in 1340ms
 GET /products 200 in 725ms (compile: 402ms, render: 323ms)
 GET /products 200 in 52ms (compile: 6ms, render: 46ms)
 GET /products 200 in 38ms (compile: 3ms, render: 36ms)
 GET /products 200 in 41ms (compile: 5ms, render: 36ms)
 GET /products 200 in 45ms (compile: 6ms, render: 40ms)
 GET /orders 200 in 78ms (compile: 38ms, render: 39ms)
 GET /orders 200 in 58ms (compile: 2ms, render: 56ms)
 GET /customers 200 in 74ms (compile: 54ms, render: 20ms)
 GET /settings 200 in 52ms (compile: 30ms, render: 22ms)
 GET /dashboard 200 in 44ms (compile: 23ms, render: 21ms)
 GET /products 200 in 20ms (compile: 3ms, render: 18ms)
 GET /dashboard 200 in 20ms (compile: 3ms, render: 17ms)
 GET /products 200 in 28ms (compile: 3ms, render: 25ms)
 GET /products 200 in 39ms (compile: 2ms, render: 36ms)
 GET /products 200 in 62ms (compile: 6ms, render: 56ms)
 GET /products 200 in 40ms (compile: 3ms, render: 38ms)
 GET /orders 200 in 22ms (compile: 4ms, render: 18ms)
 GET /customers 200 in 22ms (compile: 4ms, render: 18ms)
 GET /settings 200 in 21ms (compile: 4ms, render: 17ms)
 GET /customers 200 in 18ms (compile: 2ms, render: 16ms)
 GET /customers 200 in 83ms (compile: 5ms, render: 78ms)
 GET /dashboard 200 in 19ms (compile: 3ms, render: 16ms)
 GET /customers 200 in 20ms (compile: 4ms, render: 16ms)
 GET /orders 200 in 23ms (compile: 4ms, render: 19ms)
 GET /products 200 in 25ms (compile: 7ms, render: 18ms)
 GET /products 200 in 29ms (compile: 4ms, render: 25ms)
 GET /settings 200 in 22ms (compile: 4ms, render: 18ms)
 GET /customers 200 in 20ms (compile: 3ms, render: 17ms)
 GET /orders 200 in 19ms (compile: 3ms, render: 16ms)
 GET /products 200 in 21ms (compile: 4ms, render: 17ms)
 GET /dashboard 200 in 18ms (compile: 3ms, render: 15ms)
 GET /products 200 in 20ms (compile: 2ms, render: 18ms)
 GET /orders 200 in 18ms (compile: 3ms, render: 15ms)
 GET /customers 200 in 18ms (compile: 4ms, render: 14ms)
 GET /settings 200 in 19ms (compile: 3ms, render: 16ms)
 GET /dashboard 200 in 22ms (compile: 4ms, render: 17ms)
 GET /dashboard 200 in 44ms (compile: 2ms, render: 42ms)
 GET /products 200 in 20ms (compile: 4ms, render: 16ms)
 GET /orders 200 in 23ms (compile: 4ms, render: 19ms)
 GET /customers 200 in 19ms (compile: 4ms, render: 16ms)
 GET /settings 200 in 20ms (compile: 4ms, render: 16ms)
 GET /dashboard 200 in 18ms (compile: 4ms, render: 15ms)
 GET /products 200 in 22ms (compile: 5ms, render: 17ms)
 GET /dashboard 200 in 19ms (compile: 4ms, render: 15ms)
 GET /settings 200 in 21ms (compile: 4ms, render: 17ms)
 GET /customers 200 in 22ms (compile: 3ms, render: 19ms)
 GET /orders 200 in 20ms (compile: 4ms, render: 16ms)
 GET /products 200 in 24ms (compile: 2ms, render: 22ms)
✓ Compiled in 580ms
 GET /products 200 in 481ms (compile: 295ms, render: 186ms)
 GET /products 200 in 84ms (compile: 3ms, render: 81ms)
 GET /products 200 in 104ms (compile: 3ms, render: 102ms)
 GET /products 200 in 104ms (compile: 3ms, render: 101ms)
 GET /products 200 in 100ms (compile: 2ms, render: 98ms)
 GET /products 200 in 103ms (compile: 2ms, render: 101ms)
 GET /products 200 in 109ms (compile: 3ms, render: 106ms)
 GET /products 200 in 107ms (compile: 4ms, render: 103ms)
 GET /products 200 in 105ms (compile: 2ms, render: 102ms)
 GET /products 200 in 106ms (compile: 4ms, render: 102ms)
 GET /products 200 in 97ms (compile: 4ms, render: 93ms)
 GET /products 200 in 95ms (compile: 2ms, render: 93ms)
 GET /products 200 in 97ms (compile: 3ms, render: 95ms)
 GET /products 200 in 92ms (compile: 2ms, render: 90ms)
 GET /products 200 in 94ms (compile: 2ms, render: 92ms)
 GET /products 200 in 100ms (compile: 2ms, render: 97ms)
 GET /products 200 in 107ms (compile: 2ms, render: 105ms)
 GET /products 200 in 87ms (compile: 3ms, render: 84ms)
 GET /products 200 in 66ms (compile: 3ms, render: 64ms)
 GET /products 200 in 37ms (compile: 4ms, render: 33ms)
✓ Compiled in 33ms
 GET /newsletter 200 in 1150ms (compile: 944ms, render: 206ms)
 GET /newsletter 200 in 15ms (compile: 1977µs, render: 13ms)
 GET /settings 200 in 147ms (compile: 95ms, render: 52ms)
 GET /orders 200 in 135ms (compile: 81ms, render: 55ms)
 GET /customers 200 in 139ms (compile: 90ms, render: 49ms)
 GET /dashboard 200 in 132ms (compile: 83ms, render: 49ms)
 GET /newsletter 200 in 25ms (compile: 5ms, render: 20ms)
 GET /dashboard 200 in 19ms (compile: 3ms, render: 16ms)
 GET /settings 200 in 20ms (compile: 4ms, render: 16ms)
 GET /newsletter 200 in 19ms (compile: 3ms, render: 16ms)
 GET /customers 200 in 19ms (compile: 3ms, render: 16ms)
 GET /orders 200 in 21ms (compile: 4ms, render: 16ms)
 GET /products 200 in 159ms (compile: 102ms, render: 57ms)
 GET /dashboard 200 in 20ms (compile: 4ms, render: 16ms)
 GET /products 200 in 15ms (compile: 1986µs, render: 13ms)
 GET /orders 200 in 19ms (compile: 3ms, render: 16ms)
 GET /customers 200 in 18ms (compile: 2ms, render: 16ms)
 GET /newsletter 200 in 17ms (compile: 3ms, render: 14ms)
 GET /products 200 in 16ms (compile: 2ms, render: 13ms)
 GET /dashboard 200 in 16ms (compile: 1644µs, render: 14ms)
 GET /orders 200 in 15ms (compile: 1929µs, render: 13ms)
 GET /dashboard 200 in 19ms (compile: 2ms, render: 17ms)
 GET /customers 200 in 18ms (compile: 3ms, render: 15ms)
 GET /newsletter 200 in 19ms (compile: 3ms, render: 16ms)
 GET /settings 200 in 19ms (compile: 3ms, render: 16ms)
 GET /dashboard 200 in 16ms (compile: 1937µs, render: 14ms)
 GET /orders 200 in 23ms (compile: 4ms, render: 19ms)
 GET /orders 200 in 418ms (compile: 29ms, render: 389ms)
 GET /orders 200 in 88ms (compile: 16ms, render: 73ms)
 GET /orders 200 in 38ms (compile: 5ms, render: 33ms)
 GET /orders 200 in 37ms (compile: 2ms, render: 35ms)
 GET /orders 200 in 44ms (compile: 2ms, render: 41ms)
 GET /orders 200 in 43ms (compile: 4ms, render: 39ms)
 GET /orders 200 in 73ms (compile: 21ms, render: 52ms)
 GET /orders 200 in 40ms (compile: 3ms, render: 36ms)
 GET /orders 200 in 40ms (compile: 5ms, render: 35ms)
 GET /orders 200 in 36ms (compile: 2ms, render: 33ms)
 GET /orders 200 in 34ms (compile: 1669µs, render: 32ms)
 GET /products 200 in 26ms (compile: 6ms, render: 20ms)
 GET /dashboard 200 in 26ms (compile: 6ms, render: 20ms)
 GET /newsletter 200 in 26ms (compile: 5ms, render: 21ms)
 GET /settings 200 in 27ms (compile: 7ms, render: 20ms)
 GET /products 200 in 17ms (compile: 3ms, render: 14ms)
 GET /orders 200 in 16ms (compile: 2ms, render: 14ms)
 GET /orders 200 in 44ms (compile: 5ms, render: 39ms)
 GET /orders 200 in 36ms (compile: 3ms, render: 33ms)
✓ Compiled in 177ms
 GET /orders 200 in 527ms (compile: 225ms, render: 303ms)
 GET /dashboard 200 in 46ms (compile: 27ms, render: 19ms)
 GET /products 200 in 34ms (compile: 16ms, render: 17ms)
 GET /orders 200 in 18ms (compile: 3ms, render: 15ms)
 GET /customers 200 in 38ms (compile: 16ms, render: 22ms)
 GET /newsletter 200 in 23ms (compile: 7ms, render: 15ms)
 GET /settings 200 in 35ms (compile: 19ms, render: 16ms)
 GET /dashboard 200 in 17ms (compile: 1863µs, render: 15ms)
 GET /orders 200 in 21ms (compile: 4ms, render: 18ms)
 GET /orders 200 in 75ms (compile: 4ms, render: 71ms)
 GET /dashboard 200 in 42ms (compile: 5ms, render: 37ms)
 GET /dashboard 200 in 144ms (compile: 58ms, render: 87ms)
 GET /products 200 in 33ms (compile: 7ms, render: 26ms)
 GET /orders 200 in 29ms (compile: 7ms, render: 22ms)
 GET /products 200 in 18ms (compile: 3ms, render: 15ms)
 GET /orders 200 in 16ms (compile: 2ms, render: 14ms)
 GET /dashboard 200 in 17ms (compile: 3ms, render: 14ms)
 GET /customers 200 in 32ms (compile: 9ms, render: 23ms)
 GET /newsletter 200 in 28ms (compile: 6ms, render: 23ms)
 GET /settings 200 in 27ms (compile: 5ms, render: 22ms)
 GET /dashboard 200 in 17ms (compile: 3ms, render: 14ms)
 GET /newsletter 200 in 19ms (compile: 4ms, render: 14ms)
 GET /customers 200 in 17ms (compile: 3ms, render: 14ms)
 GET /orders 200 in 16ms (compile: 2ms, render: 14ms)
 GET /products 200 in 18ms (compile: 3ms, render: 15ms)
 GET /dashboard 200 in 17ms (compile: 3ms, render: 14ms)
