
> storefront@0.1.0 dev
> next dev

⚠ Warning: Next.js inferred your workspace root, but it may not be correct.
 We detected multiple lockfiles and selected the directory of /Users/User/package-lock.json as the root directory.
 To silence this warning, set `turbopack.root` in your Next.js config, or consider removing one of the lockfiles if it's not needed.
   See https://nextjs.org/docs/app/api-reference/config/next-config-js/turbopack#root-directory for more information.
 Detected additional lockfiles: 
   * /Users/User/daw-store/storefront/package-lock.json

▲ Next.js 16.1.1 (Turbopack)
- Local:         http://localhost:3000
- Network:       http://192.168.0.171:3000
- Environments: .env.local

✓ Starting...
✓ Ready in 1120ms
 GET / 200 in 683ms (compile: 350ms, render: 333ms)
 GET / 200 in 65ms (compile: 6ms, render: 59ms)
 GET /products 200 in 70ms (compile: 40ms, render: 30ms)
 GET / 200 in 22ms (compile: 6ms, render: 17ms)
 GET / 200 in 63ms (compile: 5ms, render: 58ms)
✓ Compiled in 613ms
✓ Compiled in 43ms
✓ Compiled in 37ms
✓ Compiled in 31ms
 GET / 200 in 220ms (compile: 78ms, render: 142ms)
✓ Compiled in 19ms
✓ Compiled in 29ms
 GET / 200 in 327ms (compile: 109ms, render: 218ms)
✓ Compiled in 35ms
 GET / 200 in 194ms (compile: 64ms, render: 130ms)
 GET / 200 in 58ms (compile: 5ms, render: 53ms)
 GET / 200 in 18ms (compile: 3ms, render: 16ms)
 GET / 200 in 48ms (compile: 3ms, render: 45ms)
 GET /products/prod_01KEFPYJG5QXCN7F89NHY4TQWY 200 in 663ms (compile: 623ms, render: 40ms)
 GET / 200 in 17ms (compile: 2ms, render: 15ms)
 GET /about 200 in 66ms (compile: 46ms, render: 20ms)
 GET /products 200 in 116ms (compile: 53ms, render: 62ms)
 GET / 200 in 17ms (compile: 1993µs, render: 15ms)
 GET /products 200 in 19ms (compile: 2ms, render: 16ms)
 GET / 200 in 19ms (compile: 2ms, render: 16ms)
 GET / 200 in 18ms (compile: 3ms, render: 15ms)
 GET / 200 in 52ms (compile: 5ms, render: 46ms)
 GET / 200 in 46ms (compile: 3ms, render: 43ms)
 GET / 200 in 45ms (compile: 4ms, render: 42ms)
 GET / 200 in 41ms (compile: 1999µs, render: 39ms)
 GET /products/prod_01KEFPYJG5QXCN7F89NHY4TQWY 200 in 24ms (compile: 6ms, render: 18ms)
 GET / 200 in 15ms (compile: 2ms, render: 13ms)
 GET /about 200 in 25ms (compile: 4ms, render: 21ms)
 GET /about 200 in 132ms (compile: 17ms, render: 115ms)
 GET / 200 in 18ms (compile: 3ms, render: 15ms)
 GET / 200 in 54ms (compile: 1879µs, render: 52ms)
 GET /products 200 in 20ms (compile: 4ms, render: 17ms)
 GET /about 200 in 16ms (compile: 2ms, render: 14ms)
 GET / 200 in 12ms (compile: 1766µs, render: 11ms)
 GET /cart 200 in 58ms (compile: 35ms, render: 23ms)
 GET /login 200 in 153ms (compile: 136ms, render: 17ms)
 GET / 200 in 21ms (compile: 3ms, render: 18ms)
 GET /orders 200 in 63ms (compile: 35ms, render: 29ms)
 GET /profile 200 in 53ms (compile: 35ms, render: 18ms)
 GET /cart 200 in 17ms (compile: 3ms, render: 15ms)
 GET /products 200 in 17ms (compile: 2ms, render: 15ms)
 GET / 200 in 15ms (compile: 3ms, render: 13ms)
 GET / 200 in 445ms (compile: 90ms, render: 355ms)
 GET /products 200 in 46ms (compile: 9ms, render: 37ms)
 GET /products 200 in 986ms (compile: 4ms, render: 982ms)
 GET / 200 in 39ms (compile: 8ms, render: 31ms)
 GET /products 200 in 25ms (compile: 5ms, render: 20ms)
 GET /about 200 in 22ms (compile: 4ms, render: 18ms)
 GET /about 200 in 59ms (compile: 3ms, render: 55ms)
 GET / 200 in 18ms (compile: 3ms, render: 15ms)
 GET /products 200 in 22ms (compile: 4ms, render: 18ms)
 GET /products/prod_01KEFPYJG5QXCN7F89NHY4TQWY 200 in 29ms (compile: 11ms, render: 18ms)
 GET / 200 in 15ms (compile: 1957µs, render: 13ms)
 GET /about 200 in 19ms (compile: 3ms, render: 16ms)
 GET /about 200 in 191ms (compile: 105ms, render: 86ms)
 GET /about 200 in 185ms (compile: 106ms, render: 79ms)
 GET /about 200 in 159ms (compile: 83ms, render: 76ms)
 GET /about 200 in 153ms (compile: 95ms, render: 58ms)
 GET /about 200 in 169ms (compile: 103ms, render: 67ms)
 GET /products 200 in 25ms (compile: 5ms, render: 20ms)
 GET / 200 in 20ms (compile: 4ms, render: 16ms)
 GET /about 200 in 24ms (compile: 2ms, render: 22ms)
 GET /about 200 in 166ms (compile: 92ms, render: 74ms)
 GET /about 200 in 143ms (compile: 81ms, render: 62ms)
 GET /about 200 in 165ms (compile: 2ms, render: 163ms)
 GET /about 200 in 172ms (compile: 99ms, render: 73ms)
 GET / 200 in 19ms (compile: 4ms, render: 15ms)
 GET /about 200 in 25ms (compile: 3ms, render: 22ms)
 GET / 200 in 15ms (compile: 1914µs, render: 13ms)
 GET / 200 in 20ms (compile: 1714µs, render: 18ms)
✓ Compiled in 17ms
 GET /orders 200 in 24ms (compile: 7ms, render: 17ms)
 GET /about 200 in 190ms (compile: 124ms, render: 65ms)
 GET / 200 in 17ms (compile: 3ms, render: 14ms)
 GET / 200 in 54ms (compile: 2ms, render: 52ms)
 GET /products 200 in 23ms (compile: 5ms, render: 18ms)
 GET /products/prod_01KEG03PVDA6EVW069ZGZTQ38N 200 in 33ms (compile: 12ms, render: 21ms)
 GET /products 200 in 19ms (compile: 2ms, render: 16ms)
 GET /about 200 in 25ms (compile: 1814µs, render: 23ms)
 GET / 200 in 16ms (compile: 1813µs, render: 14ms)
 GET /products/prod_01KEG03PVDA6EVW069ZGZTQ38N 200 in 31ms (compile: 6ms, render: 25ms)
 GET /products 200 in 16ms (compile: 2ms, render: 14ms)
 GET /products/prod_01KEFPYJG5QXCN7F89NHY4TQWY 200 in 22ms (compile: 4ms, render: 18ms)
 GET /about 200 in 33ms (compile: 2ms, render: 30ms)
 GET /cart 200 in 23ms (compile: 7ms, render: 16ms)
 GET /profile 200 in 21ms (compile: 6ms, render: 15ms)
 GET /orders 200 in 19ms (compile: 4ms, render: 16ms)
 GET / 200 in 19ms (compile: 4ms, render: 15ms)
 GET /about 200 in 25ms (compile: 3ms, render: 22ms)
 GET / 200 in 19ms (compile: 3ms, render: 15ms)
 GET /products 200 in 29ms (compile: 5ms, render: 24ms)
✓ Compiled in 236ms
✓ Compiled in 43ms
 GET / 200 in 265ms (compile: 165ms, render: 101ms)
 GET /products 200 in 36ms (compile: 6ms, render: 30ms)
 GET /about 200 in 45ms (compile: 10ms, render: 35ms)
 GET /cart 200 in 51ms (compile: 10ms, render: 42ms)
 GET /orders 200 in 185ms (compile: 119ms, render: 66ms)
 GET /orders 200 in 174ms (compile: 2ms, render: 172ms)
 GET /orders 200 in 24ms (compile: 3ms, render: 21ms)
 GET /orders 200 in 16ms (compile: 3ms, render: 13ms)
 GET /orders 200 in 17ms (compile: 3ms, render: 14ms)
 GET /orders 200 in 17ms (compile: 2ms, render: 15ms)
 GET /orders 200 in 21ms (compile: 4ms, render: 17ms)
 GET /orders 200 in 19ms (compile: 3ms, render: 15ms)
 GET /orders 200 in 22ms (compile: 3ms, render: 19ms)
 GET /orders 200 in 18ms (compile: 4ms, render: 14ms)
 GET /orders 200 in 53ms (compile: 5ms, render: 47ms)
 GET /orders 200 in 16ms (compile: 1751µs, render: 14ms)
✓ Compiled in 48ms
 GET /orders 200 in 513ms (compile: 240ms, render: 273ms)
 GET /orders 200 in 23ms (compile: 4ms, render: 19ms)
 GET /orders 200 in 18ms (compile: 2ms, render: 16ms)
 GET /profile 200 in 24ms (compile: 5ms, render: 19ms)
 GET /orders 200 in 22ms (compile: 3ms, render: 19ms)
 GET /products 200 in 71ms (compile: 3ms, render: 68ms)
 GET /cart 200 in 33ms (compile: 5ms, render: 29ms)
 GET /checkout 200 in 215ms (compile: 181ms, render: 34ms)
 GET /orders 200 in 19ms (compile: 3ms, render: 17ms)
 GET /cart 200 in 21ms (compile: 3ms, render: 18ms)
 GET /orders 200 in 24ms (compile: 5ms, render: 20ms)
 GET /orders 200 in 60ms (compile: 3ms, render: 57ms)
 GET /orders 200 in 18ms (compile: 3ms, render: 16ms)
 GET /orders 200 in 23ms (compile: 2ms, render: 21ms)
✓ Compiled in 62ms
 GET /orders 200 in 335ms (compile: 132ms, render: 203ms)
 GET /orders 200 in 15ms (compile: 2ms, render: 13ms)
 GET /orders 200 in 24ms (compile: 3ms, render: 21ms)
 GET /profile 200 in 23ms (compile: 8ms, render: 15ms)
 GET /orders 200 in 15ms (compile: 1960µs, render: 13ms)
 GET / 200 in 24ms (compile: 4ms, render: 21ms)
 GET /products 200 in 38ms (compile: 9ms, render: 28ms)
 GET /about 200 in 26ms (compile: 6ms, render: 20ms)
 GET /cart 200 in 25ms (compile: 9ms, render: 16ms)
 GET /orders 200 in 17ms (compile: 4ms, render: 14ms)
 GET /products 200 in 46ms (compile: 3ms, render: 42ms)
 GET /cart 200 in 19ms (compile: 2ms, render: 16ms)
 GET /checkout 200 in 147ms (compile: 103ms, render: 44ms)
 GET /orders 200 in 16ms (compile: 3ms, render: 13ms)
 GET /orders 200 in 15ms (compile: 1940µs, render: 13ms)
 GET /orders 200 in 15ms (compile: 2ms, render: 13ms)
 GET /orders 200 in 18ms (compile: 2ms, render: 16ms)
 GET /orders 200 in 15ms (compile: 2ms, render: 13ms)
 GET /orders 200 in 16ms (compile: 2ms, render: 13ms)
 GET /orders 200 in 44ms (compile: 1990µs, render: 42ms)
 GET /orders 200 in 16ms (compile: 3ms, render: 13ms)
 GET /orders 200 in 14ms (compile: 1888µs, render: 12ms)
 GET /profile 200 in 17ms (compile: 3ms, render: 14ms)
 GET /orders 200 in 13ms (compile: 1769µs, render: 12ms)
 GET /orders 200 in 13ms (compile: 1592µs, render: 11ms)
 GET /orders 200 in 14ms (compile: 1796µs, render: 12ms)
 GET /orders 200 in 14ms (compile: 1920µs, render: 12ms)
 GET /orders 200 in 15ms (compile: 2ms, render: 13ms)
 GET /orders 200 in 15ms (compile: 1835µs, render: 13ms)
 GET /orders 200 in 51ms (compile: 3ms, render: 48ms)
 GET /orders 200 in 17ms (compile: 2ms, render: 15ms)
 GET /orders 200 in 16ms (compile: 2ms, render: 14ms)
 GET / 200 in 20ms (compile: 4ms, render: 16ms)
 GET /products 200 in 18ms (compile: 3ms, render: 15ms)
 GET /about 200 in 27ms (compile: 3ms, render: 24ms)
 GET / 200 in 21ms (compile: 3ms, render: 18ms)
 GET / 200 in 17ms (compile: 3ms, render: 14ms)
 GET /cart 200 in 18ms (compile: 3ms, render: 15ms)
 GET /products 200 in 18ms (compile: 3ms, render: 15ms)
 GET /profile 200 in 19ms (compile: 4ms, render: 16ms)
 GET / 200 in 15ms (compile: 1828µs, render: 14ms)
 GET / 200 in 17ms (compile: 1778µs, render: 15ms)
 GET / 200 in 133ms (compile: 1801µs, render: 132ms)
 GET /login 200 in 28ms (compile: 11ms, render: 17ms)
 GET / 200 in 20ms (compile: 2ms, render: 17ms)
 GET / 200 in 58ms (compile: 3ms, render: 55ms)
 GET /profile 200 in 16ms (compile: 2ms, render: 14ms)
 GET /orders 200 in 19ms (compile: 4ms, render: 16ms)
 GET / 200 in 16ms (compile: 2ms, render: 14ms)
 GET /products 200 in 16ms (compile: 2ms, render: 14ms)
 GET /about 200 in 22ms (compile: 1732µs, render: 20ms)
 GET /orders 200 in 18ms (compile: 1982µs, render: 16ms)
 GET /products 200 in 49ms (compile: 1941µs, render: 47ms)
 GET /cart 200 in 19ms (compile: 3ms, render: 16ms)
 GET /checkout 200 in 19ms (compile: 3ms, render: 16ms)
 GET /orders 200 in 26ms (compile: 1919µs, render: 24ms)
 GET /orders 200 in 42ms (compile: 1681µs, render: 41ms)
 GET /orders 200 in 23ms (compile: 3ms, render: 20ms)
 GET /orders 200 in 14ms (compile: 2ms, render: 12ms)
 GET /orders 200 in 18ms (compile: 1979µs, render: 16ms)
✓ Compiled in 22ms
 GET /orders 200 in 309ms (compile: 132ms, render: 177ms)
 GET /orders 200 in 18ms (compile: 2ms, render: 15ms)
 GET /orders 200 in 15ms (compile: 1890µs, render: 13ms)
 GET /profile 200 in 18ms (compile: 3ms, render: 14ms)
 GET /orders 200 in 22ms (compile: 3ms, render: 19ms)
 GET /orders 200 in 15ms (compile: 2ms, render: 13ms)
 GET /orders 200 in 20ms (compile: 2ms, render: 17ms)
 GET /orders 200 in 15ms (compile: 1996µs, render: 13ms)
 GET /orders 200 in 13ms (compile: 1802µs, render: 11ms)
 GET / 200 in 24ms (compile: 4ms, render: 20ms)
 GET /signup 200 in 235ms (compile: 202ms, render: 33ms)
 GET / 200 in 17ms (compile: 3ms, render: 14ms)
 GET /cart 200 in 18ms (compile: 3ms, render: 15ms)
 GET /products 200 in 19ms (compile: 3ms, render: 15ms)
 GET /cart 200 in 18ms (compile: 1883µs, render: 16ms)
 GET /checkout 200 in 19ms (compile: 4ms, render: 15ms)
 GET /orders 200 in 18ms (compile: 3ms, render: 15ms)
 GET /orders 200 in 16ms (compile: 2ms, render: 13ms)
 GET /cart 200 in 16ms (compile: 1864µs, render: 14ms)
 GET /orders 200 in 19ms (compile: 3ms, render: 16ms)
 GET /profile 200 in 18ms (compile: 3ms, render: 15ms)
 GET /profile 200 in 45ms (compile: 1759µs, render: 44ms)
 GET /orders 200 in 15ms (compile: 1842µs, render: 13ms)
 GET /profile 200 in 16ms (compile: 1896µs, render: 14ms)
 GET /cart 200 in 17ms (compile: 2ms, render: 14ms)
 GET /cart 200 in 15ms (compile: 2ms, render: 12ms)
 GET / 200 in 25ms (compile: 3ms, render: 21ms)
 GET / 200 in 13ms (compile: 1746µs, render: 11ms)
 GET /login 200 in 18ms (compile: 3ms, render: 14ms)
 GET / 200 in 14ms (compile: 2ms, render: 12ms)
 GET /orders 200 in 19ms (compile: 3ms, render: 16ms)
 GET /profile 200 in 15ms (compile: 1649µs, render: 14ms)
 GET /orders 200 in 22ms (compile: 5ms, render: 17ms)
 GET / 200 in 19ms (compile: 4ms, render: 16ms)
 GET /login 200 in 19ms (compile: 3ms, render: 16ms)
 GET / 200 in 17ms (compile: 1901µs, render: 15ms)
 GET /products/prod_01KEG03PVDA6EVW069ZGZTQ38N 200 in 33ms (compile: 14ms, render: 19ms)
 GET /cart 200 in 21ms (compile: 3ms, render: 18ms)
 GET /checkout 200 in 20ms (compile: 4ms, render: 16ms)
 GET /orders 200 in 18ms (compile: 3ms, render: 14ms)
 GET /orders 200 in 16ms (compile: 2ms, render: 14ms)
 GET / 200 in 31ms (compile: 3ms, render: 28ms)
✓ Compiled in 28ms
✓ Compiled in 19ms
✓ Compiled in 20ms
✓ Compiled in 18ms
✓ Compiled in 18ms
✓ Compiled in 18ms
✓ Compiled in 18ms
✓ Compiled in 26ms
✓ Compiled in 26ms
 GET / 200 in 336ms (compile: 124ms, render: 212ms)
 GET /login 200 in 142ms (compile: 89ms, render: 53ms)
 GET / 200 in 24ms (compile: 3ms, render: 20ms)
 GET /orders 200 in 158ms (compile: 95ms, render: 62ms)
 GET /profile 200 in 168ms (compile: 89ms, render: 79ms)
 GET /orders 200 in 22ms (compile: 2ms, render: 20ms)
 GET /profile 200 in 17ms (compile: 1890µs, render: 15ms)
 GET /orders 200 in 16ms (compile: 2ms, render: 13ms)
 GET / 200 in 15ms (compile: 1833µs, render: 13ms)
 GET /login 200 in 18ms (compile: 2ms, render: 16ms)
 GET / 200 in 16ms (compile: 2ms, render: 14ms)
 GET /orders 200 in 18ms (compile: 1805µs, render: 16ms)
 GET /products 200 in 246ms (compile: 100ms, render: 146ms)
 GET /cart 200 in 148ms (compile: 91ms, render: 56ms)
 GET /checkout 200 in 137ms (compile: 82ms, render: 55ms)
 GET /orders 200 in 24ms (compile: 3ms, render: 21ms)
 GET / 200 in 18ms (compile: 3ms, render: 15ms)
 GET /orders 200 in 18ms (compile: 3ms, render: 15ms)
 GET /orders 200 in 133ms (compile: 1902µs, render: 131ms)
 GET /orders 200 in 15ms (compile: 2ms, render: 13ms)
 GET /orders 200 in 28ms (compile: 5ms, render: 23ms)
 GET /orders 200 in 52ms (compile: 4ms, render: 48ms)
 GET /profile 200 in 20ms (compile: 4ms, render: 16ms)
 GET / 200 in 17ms (compile: 3ms, render: 15ms)
 GET /products 200 in 18ms (compile: 3ms, render: 16ms)
 GET /about 200 in 178ms (compile: 117ms, render: 61ms)
 GET /products 200 in 18ms (compile: 3ms, render: 15ms)
 GET / 200 in 16ms (compile: 3ms, render: 13ms)
 GET /cart 200 in 20ms (compile: 3ms, render: 17ms)
✓ Compiled in 44ms
✓ Compiled in 25ms
 GET /cart 200 in 586ms (compile: 15ms, render: 571ms)
 GET /orders 200 in 252ms (compile: 194ms, render: 57ms)
 GET / 200 in 17ms (compile: 3ms, render: 14ms)
 GET /login 200 in 21ms (compile: 4ms, render: 17ms)
 GET / 200 in 15ms (compile: 2ms, render: 13ms)
 GET /orders 200 in 15ms (compile: 1797µs, render: 13ms)
 GET /orders 200 in 126ms (compile: 1939µs, render: 124ms)
 GET /orders 200 in 141ms (compile: 5ms, render: 136ms)
 GET / 200 in 17ms (compile: 3ms, render: 14ms)
 GET /products 200 in 22ms (compile: 4ms, render: 18ms)
 GET / 200 in 15ms (compile: 1758µs, render: 13ms)
 GET /products 200 in 23ms (compile: 4ms, render: 19ms)
 GET /about 200 in 29ms (compile: 4ms, render: 25ms)
 GET /cart 200 in 26ms (compile: 3ms, render: 23ms)
 GET /profile 200 in 18ms (compile: 3ms, render: 15ms)
 GET / 200 in 16ms (compile: 2ms, render: 14ms)
 GET /products 200 in 17ms (compile: 1960µs, render: 15ms)
 GET /about 200 in 21ms (compile: 1778µs, render: 19ms)
 GET /orders 200 in 18ms (compile: 3ms, render: 15ms)
 GET /orders 200 in 43ms (compile: 1640µs, render: 42ms)
 GET / 200 in 15ms (compile: 2ms, render: 13ms)
 GET / 200 in 16ms (compile: 1895µs, render: 14ms)
 GET /about 200 in 225ms (compile: 77ms, render: 148ms)
 GET / 200 in 57ms (compile: 15ms, render: 41ms)
 GET /products 200 in 47ms (compile: 13ms, render: 33ms)
 GET / 200 in 17ms (compile: 2ms, render: 15ms)
 GET /products 200 in 21ms (compile: 4ms, render: 17ms)
 GET / 200 in 19ms (compile: 5ms, render: 14ms)
 GET /products 200 in 22ms (compile: 4ms, render: 18ms)
 GET / 200 in 17ms (compile: 4ms, render: 13ms)
 GET /products 200 in 16ms (compile: 1808µs, render: 14ms)
 GET /products/prod_01KEFPYJG5QXCN7F89NHY4TQWY 200 in 415ms (compile: 353ms, render: 61ms)
 GET / 200 in 18ms (compile: 3ms, render: 15ms)
 GET /about 200 in 53ms (compile: 4ms, render: 49ms)
 GET / 200 in 20ms (compile: 3ms, render: 17ms)
 GET /products 200 in 19ms (compile: 3ms, render: 15ms)
 GET / 200 in 16ms (compile: 3ms, render: 13ms)
 GET /products 200 in 17ms (compile: 1950µs, render: 15ms)
 GET /about 200 in 25ms (compile: 2ms, render: 23ms)
 GET / 200 in 18ms (compile: 1875µs, render: 16ms)
 GET /about 200 in 22ms (compile: 3ms, render: 19ms)
 GET / 200 in 14ms (compile: 1940µs, render: 12ms)
 GET /products 200 in 17ms (compile: 3ms, render: 14ms)
 GET /about 200 in 22ms (compile: 3ms, render: 19ms)
 GET / 200 in 16ms (compile: 1872µs, render: 14ms)
 GET /products 200 in 17ms (compile: 3ms, render: 14ms)
 GET / 200 in 16ms (compile: 2ms, render: 13ms)
 GET /products 200 in 15ms (compile: 2ms, render: 13ms)
 GET /about 200 in 23ms (compile: 1983µs, render: 21ms)
 GET / 200 in 17ms (compile: 2ms, render: 15ms)
 GET /login 200 in 20ms (compile: 4ms, render: 16ms)
 GET /products 200 in 17ms (compile: 3ms, render: 14ms)
 GET / 200 in 17ms (compile: 3ms, render: 14ms)
✓ Compiled in 57ms
✓ Compiled in 343ms
